// Jest Snapshot v1, https://goo.gl/fbAQLP

exports[`The PasswordRules component should take a snapshot 1`] = `
<DocumentFragment>
  <span
    class="MuiTypography-root MuiTypography-caption MuiTypography-gutterBottom MuiTypography-displayBlock"
    data-testid="passwordRules"
  >
    The password must be 8 characters long. It should contain a capital letter and a number.
  </span>
</DocumentFragment>
`;
