// Jest Snapshot v1, https://goo.gl/fbAQLP

exports[`The UsersManagementPage component should take a snapshot 1`] = `
<DocumentFragment>
  <div
    class="MuiGrid-root rootDiv MuiGrid-container MuiGrid-spacing-xs-3"
  >
    <div
      class="MuiGrid-root MuiGrid-item MuiGrid-grid-xs-12 MuiGrid-grid-md-12"
    >
      <div
        class="MuiPaper-root MuiCard-root card MuiPaper-outlined MuiPaper-rounded"
      >
        <div
          class="MuiCardContent-root"
        >
          <h5
            class="MuiTypography-root makeStyles-bold-2 MuiTypography-h5 MuiTypography-gutterBottom"
          >
            User Management
          </h5>
          <div
            class="MuiPaper-root MuiPaper-elevation1 MuiPaper-rounded"
          >
            <div
              class="MuiTableContainer-root makeStyles-root100-4"
            >
              <table
                aria-label="values table"
                class="MuiTable-root MuiTable-stickyHeader"
              >
                <thead
                  class="MuiTableHead-root"
                >
                  <tr
                    class="MuiTableRow-root MuiTableRow-head"
                  >
                    <th
                      class="MuiTableCell-root MuiTableCell-head WithStyles(ForwardRef(TableCell))-head-6 MuiTableCell-alignCenter MuiTableCell-stickyHeader"
                      scope="col"
                    >
                      Email
                    </th>
                    <th
                      class="MuiTableCell-root MuiTableCell-head WithStyles(ForwardRef(TableCell))-head-6 MuiTableCell-alignCenter MuiTableCell-stickyHeader"
                      scope="col"
                    >
                      Role
                    </th>
                    <th
                      class="MuiTableCell-root MuiTableCell-head WithStyles(ForwardRef(TableCell))-head-6 MuiTableCell-alignCenter MuiTableCell-stickyHeader"
                      scope="col"
                    >
                      Enabled
                    </th>
                    <th
                      class="MuiTableCell-root MuiTableCell-head WithStyles(ForwardRef(TableCell))-head-6 MuiTableCell-alignCenter MuiTableCell-stickyHeader"
                      scope="col"
                    >
                      Actions
                    </th>
                  </tr>
                </thead>
                <tbody
                  class="MuiTableBody-root"
                >
                  <tr
                    class="MuiTableRow-root WithStyles(ForwardRef(TableRow))-root-8"
                  >
                    <td
                      class="MuiTableCell-root MuiTableCell-body WithStyles(ForwardRef(TableCell))-body-7 MuiTableCell-alignCenter"
                    >
                      admin@test.com
                    </td>
                    <td
                      class="MuiTableCell-root MuiTableCell-body WithStyles(ForwardRef(TableCell))-body-7 MuiTableCell-alignCenter"
                    >
                      ADMIN,USER
                    </td>
                    <td
                      class="MuiTableCell-root MuiTableCell-body WithStyles(ForwardRef(TableCell))-body-7 MuiTableCell-alignCenter"
                    >
                      <span
                        class="MuiSwitch-root"
                      >
                        <span
                          aria-disabled="true"
                          class="MuiButtonBase-root MuiIconButton-root PrivateSwitchBase-root-9 MuiSwitch-switchBase MuiSwitch-colorPrimary PrivateSwitchBase-checked-10 Mui-checked PrivateSwitchBase-disabled-11 Mui-disabled Mui-disabled Mui-disabled"
                          tabindex="-1"
                        >
                          <span
                            class="MuiIconButton-label"
                          >
                            <input
                              aria-label="primary checkbox"
                              checked=""
                              class="PrivateSwitchBase-input-12 MuiSwitch-input"
                              disabled=""
                              name="disableUser"
                              type="checkbox"
                              value=""
                            />
                            <span
                              class="MuiSwitch-thumb"
                            />
                          </span>
                        </span>
                        <span
                          class="MuiSwitch-track"
                        />
                      </span>
                    </td>
                    <td
                      class="MuiTableCell-root MuiTableCell-body WithStyles(ForwardRef(TableCell))-body-7 MuiTableCell-alignCenter"
                    >
                      <span
                        aria-disabled="true"
                        aria-label="edit password"
                        class="MuiButtonBase-root MuiIconButton-root MuiIconButton-colorPrimary Mui-disabled Mui-disabled"
                        role="button"
                        tabindex="-1"
                      >
                        <span
                          class="MuiIconButton-label"
                        >
                          <svg
                            aria-hidden="true"
                            class="MuiSvgIcon-root"
                            focusable="false"
                            viewBox="0 0 24 24"
                          >
                            <path
                              d="M3 17.25V21h3.75L17.81 9.94l-3.75-3.75L3 17.25zM20.71 7.04c.39-.39.39-1.02 0-1.41l-2.34-2.34a.9959.9959 0 00-1.41 0l-1.83 1.83 3.75 3.75 1.83-1.83z"
                            />
                          </svg>
                        </span>
                      </span>
                    </td>
                  </tr>
                  <tr
                    class="MuiTableRow-root WithStyles(ForwardRef(TableRow))-root-8"
                  >
                    <td
                      class="MuiTableCell-root MuiTableCell-body WithStyles(ForwardRef(TableCell))-body-7 MuiTableCell-alignCenter"
                    >
                      user@test.com
                    </td>
                    <td
                      class="MuiTableCell-root MuiTableCell-body WithStyles(ForwardRef(TableCell))-body-7 MuiTableCell-alignCenter"
                    >
                      USER
                    </td>
                    <td
                      class="MuiTableCell-root MuiTableCell-body WithStyles(ForwardRef(TableCell))-body-7 MuiTableCell-alignCenter"
                    >
                      <span
                        class="MuiSwitch-root"
                      >
                        <span
                          aria-disabled="false"
                          class="MuiButtonBase-root MuiIconButton-root PrivateSwitchBase-root-9 MuiSwitch-switchBase MuiSwitch-colorPrimary PrivateSwitchBase-checked-10 Mui-checked"
                        >
                          <span
                            class="MuiIconButton-label"
                          >
                            <input
                              aria-label="primary checkbox"
                              checked=""
                              class="PrivateSwitchBase-input-12 MuiSwitch-input"
                              name="disableUser"
                              type="checkbox"
                              value=""
                            />
                            <span
                              class="MuiSwitch-thumb"
                            />
                          </span>
                          <span
                            class="MuiTouchRipple-root"
                          />
                        </span>
                        <span
                          class="MuiSwitch-track"
                        />
                      </span>
                    </td>
                    <td
                      class="MuiTableCell-root MuiTableCell-body WithStyles(ForwardRef(TableCell))-body-7 MuiTableCell-alignCenter"
                    >
                      <span
                        aria-disabled="false"
                        aria-label="edit password"
                        class="MuiButtonBase-root MuiIconButton-root MuiIconButton-colorPrimary"
                        role="button"
                        tabindex="0"
                      >
                        <span
                          class="MuiIconButton-label"
                        >
                          <svg
                            aria-hidden="true"
                            class="MuiSvgIcon-root"
                            focusable="false"
                            viewBox="0 0 24 24"
                          >
                            <path
                              d="M3 17.25V21h3.75L17.81 9.94l-3.75-3.75L3 17.25zM20.71 7.04c.39-.39.39-1.02 0-1.41l-2.34-2.34a.9959.9959 0 00-1.41 0l-1.83 1.83 3.75 3.75 1.83-1.83z"
                            />
                          </svg>
                        </span>
                        <span
                          class="MuiTouchRipple-root"
                        />
                      </span>
                    </td>
                  </tr>
                  <tr
                    class="MuiTableRow-root WithStyles(ForwardRef(TableRow))-root-8"
                  >
                    <td
                      class="MuiTableCell-root MuiTableCell-body WithStyles(ForwardRef(TableCell))-body-7 MuiTableCell-alignCenter"
                    >
                      disabled@test.com
                    </td>
                    <td
                      class="MuiTableCell-root MuiTableCell-body WithStyles(ForwardRef(TableCell))-body-7 MuiTableCell-alignCenter"
                    >
                      USER
                    </td>
                    <td
                      class="MuiTableCell-root MuiTableCell-body WithStyles(ForwardRef(TableCell))-body-7 MuiTableCell-alignCenter"
                    >
                      <span
                        class="MuiSwitch-root"
                      >
                        <span
                          aria-disabled="false"
                          class="MuiButtonBase-root MuiIconButton-root PrivateSwitchBase-root-9 MuiSwitch-switchBase MuiSwitch-colorPrimary"
                        >
                          <span
                            class="MuiIconButton-label"
                          >
                            <input
                              aria-label="primary checkbox"
                              class="PrivateSwitchBase-input-12 MuiSwitch-input"
                              name="disableUser"
                              type="checkbox"
                              value=""
                            />
                            <span
                              class="MuiSwitch-thumb"
                            />
                          </span>
                          <span
                            class="MuiTouchRipple-root"
                          />
                        </span>
                        <span
                          class="MuiSwitch-track"
                        />
                      </span>
                    </td>
                    <td
                      class="MuiTableCell-root MuiTableCell-body WithStyles(ForwardRef(TableCell))-body-7 MuiTableCell-alignCenter"
                    >
                      <span
                        aria-disabled="false"
                        aria-label="edit password"
                        class="MuiButtonBase-root MuiIconButton-root MuiIconButton-colorPrimary"
                        role="button"
                        tabindex="0"
                      >
                        <span
                          class="MuiIconButton-label"
                        >
                          <svg
                            aria-hidden="true"
                            class="MuiSvgIcon-root"
                            focusable="false"
                            viewBox="0 0 24 24"
                          >
                            <path
                              d="M3 17.25V21h3.75L17.81 9.94l-3.75-3.75L3 17.25zM20.71 7.04c.39-.39.39-1.02 0-1.41l-2.34-2.34a.9959.9959 0 00-1.41 0l-1.83 1.83 3.75 3.75 1.83-1.83z"
                            />
                          </svg>
                        </span>
                        <span
                          class="MuiTouchRipple-root"
                        />
                      </span>
                    </td>
                  </tr>
                </tbody>
              </table>
            </div>
            <table
              aria-label="pagination table"
              class="MuiTable-root"
            >
              <tfoot
                class="MuiTableFooter-root"
              >
                <tr
                  class="MuiTableRow-root MuiTableRow-footer"
                >
                  <td
                    class="MuiTableCell-root MuiTableCell-footer MuiTablePagination-root"
                    colspan="3"
                  >
                    <div
                      class="MuiToolbar-root MuiToolbar-regular MuiTablePagination-toolbar MuiToolbar-gutters"
                    >
                      <div
                        class="MuiTablePagination-spacer"
                      />
                      <p
                        class="MuiTypography-root MuiTablePagination-caption MuiTypography-body2 MuiTypography-colorInherit"
                        id="mui-1846"
                      >
                        Rows per page:
                      </p>
                      <div
                        class="MuiInputBase-root MuiTablePagination-input MuiTablePagination-selectRoot"
                      >
                        <div
                          aria-haspopup="listbox"
                          aria-labelledby="mui-1846 mui-17346"
                          class="MuiSelect-root MuiSelect-select MuiTablePagination-select MuiSelect-selectMenu MuiInputBase-input"
                          id="mui-17346"
                          role="button"
                          tabindex="0"
                        >
                          10
                        </div>
                        <input
                          aria-hidden="true"
                          class="MuiSelect-nativeInput"
                          tabindex="-1"
                          value="10"
                        />
                        <svg
                          aria-hidden="true"
                          class="MuiSvgIcon-root MuiSelect-icon MuiTablePagination-selectIcon"
                          focusable="false"
                          viewBox="0 0 24 24"
                        >
                          <path
                            d="M7 10l5 5 5-5z"
                          />
                        </svg>
                      </div>
                      <p
                        class="MuiTypography-root MuiTablePagination-caption MuiTypography-body2 MuiTypography-colorInherit"
                      >
                        1-3 of 3
                      </p>
                      <div
                        class="MuiTablePagination-actions"
                      >
                        <button
                          aria-label="Previous page"
                          class="MuiButtonBase-root MuiIconButton-root MuiIconButton-colorInherit Mui-disabled Mui-disabled"
                          disabled=""
                          tabindex="-1"
                          title="Previous page"
                          type="button"
                        >
                          <span
                            class="MuiIconButton-label"
                          >
                            <svg
                              aria-hidden="true"
                              class="MuiSvgIcon-root"
                              focusable="false"
                              viewBox="0 0 24 24"
                            >
                              <path
                                d="M15.41 16.09l-4.58-4.59 4.58-4.59L14 5.5l-6 6 6 6z"
                              />
                            </svg>
                          </span>
                        </button>
                        <button
                          aria-label="Next page"
                          class="MuiButtonBase-root MuiIconButton-root MuiIconButton-colorInherit Mui-disabled Mui-disabled"
                          disabled=""
                          tabindex="-1"
                          title="Next page"
                          type="button"
                        >
                          <span
                            class="MuiIconButton-label"
                          >
                            <svg
                              aria-hidden="true"
                              class="MuiSvgIcon-root"
                              focusable="false"
                              viewBox="0 0 24 24"
                            >
                              <path
                                d="M8.59 16.34l4.58-4.59-4.58-4.59L10 5.75l6 6-6 6z"
                              />
                            </svg>
                          </span>
                        </button>
                      </div>
                    </div>
                  </td>
                </tr>
              </tfoot>
            </table>
          </div>
        </div>
        <div
          class="MuiCardActions-root MuiCardActions-spacing"
        >
          <button
            class="MuiButtonBase-root MuiButton-root MuiButton-contained makeStyles-button-1"
            tabindex="0"
            type="button"
          >
            <span
              class="MuiButton-label"
            >
              Add user
            </span>
            <span
              class="MuiTouchRipple-root"
            />
          </button>
        </div>
      </div>
    </div>
  </div>
</DocumentFragment>
`;
